// Jest Snapshot v1, https://goo.gl/fbAQLP

exports[`Root should renders correctly 1`] = `
<div>
  <div>
    Root Component
  </div>
  <button>
    LOGIN
  </button>
</div>
`;
